// Jest Snapshot v1, https://goo.gl/fbAQLP

exports[`Home component Should display the home component 1`] = `
<div
  className="pageContentWrapper"
>
  <div
    className="innerWrapper"
  >
    <div
      style={
        {
          "width": "100%",
        }
      }
    >
      <h2>
        Velkommen til denne chatte appen!
      </h2>
    </div>
    <p>
      Her kan alle registrerte brukere chatte med hverandre i forskjellige chat rom.
    </p>
    <p>
      Du kan logge inn med Google eller Microsoft Entra ID.
    </p>
  </div>
</div>
`;
