// Jest Snapshot v1, https://goo.gl/fbAQLP

exports[`header component display the header with user information 1`] = `
<div
  className="pageContentWrapper"
>
  <div
    className="innerWrapper"
  >
    <div>
      <h2>
        Logging in with Google... Please wait
      </h2>
    </div>
  </div>
</div>
`;
